// Jest Snapshot v1, https://goo.gl/fbAQLP

exports[`SearchBar smoke tests should render component with SearchBar 1`] = `
Object {
  "asFragment": [Function],
  "baseElement": .c0 {
  display: inline-block;
  max-width: 900px;
  vertical-align: middle;
  left: 26px;
  width: 90%;
  position: relative;
}

.c1 {
  height: 35px;
  padding: 10px;
  width: 95.5%;
  border: none;
  border-radius: undefined 0 0 undefined;
}

.c1::-webkit-input-placeholder {
  font-size: 18px;
  padding-top: 2px;
  position: relative;
}

.c1::-moz-placeholder {
  font-size: 18px;
  padding-top: 2px;
  position: relative;
}

.c1:-ms-input-placeholder {
  font-size: 18px;
  padding-top: 2px;
  position: relative;
}

.c1::placeholder {
  font-size: 18px;
  padding-top: 2px;
  position: relative;
}

.c1:focus {
  outline: none;
  box-shadow: -2px 1px 10px -5px;
}

.c2 {
  border: none;
  cursor: pointer;
  border-radius: 0 undefined undefined 0;
  padding: 10px;
  display: inline-block;
  vertical-align: top;
  font-size: 0;
  height: 35px;
  position: relative;
}

@media (max-width:939px) {
  .c1 {
    width: 85%;
  }
}

<body>
    <div>
      <div
        class="c0"
      >
        <form
          action="/items"
          class=""
          method="GET"
          role="search"
        >
          <input
            aria-autocomplete="list"
            aria-required="true"
            autocapitalize="off"
            autocorrect="off"
            class="c1"
            data-testid="search"
            maxlength="120"
            name="search"
            placeholder="Buscar Producto"
            required=""
            type="search"
          />
          <button
            aria-label="Buscar"
            class="c2"
            type="submit"
          >
            <img
              src="/static/img/ic_Search.png"
            />
            <span
              class=""
              hidden=""
            >
              Buscar
            </span>
          </button>
        </form>
      </div>
    </div>
  </body>,
  "container": <div>
    <div
      class="style__SearchBar-sc-286i50-0 dVhlOI"
    >
      <form
        action="/items"
        class="style__Form-sc-286i50-1 bxazgb"
        method="GET"
        role="search"
      >
        <input
          aria-autocomplete="list"
          aria-required="true"
          autocapitalize="off"
          autocorrect="off"
          class="style__Input-sc-286i50-2 fogGJj"
          data-testid="search"
          maxlength="120"
          name="search"
          placeholder="Buscar Producto"
          required=""
          type="search"
        />
        <button
          aria-label="Buscar"
          class="style__Button-sc-286i50-3 kLGETb"
          type="submit"
        >
          <img
            src="/static/img/ic_Search.png"
          />
          <span
            class="style__Typography-sc-286i50-4 daqenF"
            hidden=""
          >
            Buscar
          </span>
        </button>
      </form>
    </div>
  </div>,
  "debug": [Function],
  "findAllByAltText": [Function],
  "findAllByDisplayValue": [Function],
  "findAllByLabelText": [Function],
  "findAllByPlaceholderText": [Function],
  "findAllByRole": [Function],
  "findAllByTestId": [Function],
  "findAllByText": [Function],
  "findAllByTitle": [Function],
  "findByAltText": [Function],
  "findByDisplayValue": [Function],
  "findByLabelText": [Function],
  "findByPlaceholderText": [Function],
  "findByRole": [Function],
  "findByTestId": [Function],
  "findByText": [Function],
  "findByTitle": [Function],
  "getAllByAltText": [Function],
  "getAllByDisplayValue": [Function],
  "getAllByLabelText": [Function],
  "getAllByPlaceholderText": [Function],
  "getAllByRole": [Function],
  "getAllByTestId": [Function],
  "getAllByText": [Function],
  "getAllByTitle": [Function],
  "getByAltText": [Function],
  "getByDisplayValue": [Function],
  "getByLabelText": [Function],
  "getByPlaceholderText": [Function],
  "getByRole": [Function],
  "getByTestId": [Function],
  "getByText": [Function],
  "getByTitle": [Function],
  "queryAllByAltText": [Function],
  "queryAllByDisplayValue": [Function],
  "queryAllByLabelText": [Function],
  "queryAllByPlaceholderText": [Function],
  "queryAllByRole": [Function],
  "queryAllByTestId": [Function],
  "queryAllByText": [Function],
  "queryAllByTitle": [Function],
  "queryByAltText": [Function],
  "queryByDisplayValue": [Function],
  "queryByLabelText": [Function],
  "queryByPlaceholderText": [Function],
  "queryByRole": [Function],
  "queryByTestId": [Function],
  "queryByText": [Function],
  "queryByTitle": [Function],
  "rerender": [Function],
  "unmount": [Function],
}
`;
