// Jest Snapshot v1, https://goo.gl/fbAQLP

exports[`Loading smoke tests should render component with Loading 1`] = `
Object {
  "asFragment": [Function],
  "baseElement": .c0 {
  text-align: center;
  min-height: 600px;
  padding-top: 20px;
}

.c1 {
  width: 60px;
}

<body>
    <div>
      <div
        class=""
      >
        <div
          class="c0"
        >
          <img
            alt="Carregando..."
            class="c1"
            src="/static/img/spinner.gif"
            title="Carregando..."
          />
        </div>
      </div>
    </div>
  </body>,
  "container": <div>
    <div
      class="mainstyled__Limit-kgem6r-2 poVdl"
    >
      <div
        class="style__Loading-sc-1sdhoa5-0 iwQOtz"
      >
        <img
          alt="Carregando..."
          class="style__LoadingIcon-sc-1sdhoa5-1 hzkFxQ"
          src="/static/img/spinner.gif"
          title="Carregando..."
        />
      </div>
    </div>
  </div>,
  "debug": [Function],
  "findAllByAltText": [Function],
  "findAllByDisplayValue": [Function],
  "findAllByLabelText": [Function],
  "findAllByPlaceholderText": [Function],
  "findAllByRole": [Function],
  "findAllByTestId": [Function],
  "findAllByText": [Function],
  "findAllByTitle": [Function],
  "findByAltText": [Function],
  "findByDisplayValue": [Function],
  "findByLabelText": [Function],
  "findByPlaceholderText": [Function],
  "findByRole": [Function],
  "findByTestId": [Function],
  "findByText": [Function],
  "findByTitle": [Function],
  "getAllByAltText": [Function],
  "getAllByDisplayValue": [Function],
  "getAllByLabelText": [Function],
  "getAllByPlaceholderText": [Function],
  "getAllByRole": [Function],
  "getAllByTestId": [Function],
  "getAllByText": [Function],
  "getAllByTitle": [Function],
  "getByAltText": [Function],
  "getByDisplayValue": [Function],
  "getByLabelText": [Function],
  "getByPlaceholderText": [Function],
  "getByRole": [Function],
  "getByTestId": [Function],
  "getByText": [Function],
  "getByTitle": [Function],
  "queryAllByAltText": [Function],
  "queryAllByDisplayValue": [Function],
  "queryAllByLabelText": [Function],
  "queryAllByPlaceholderText": [Function],
  "queryAllByRole": [Function],
  "queryAllByTestId": [Function],
  "queryAllByText": [Function],
  "queryAllByTitle": [Function],
  "queryByAltText": [Function],
  "queryByDisplayValue": [Function],
  "queryByLabelText": [Function],
  "queryByPlaceholderText": [Function],
  "queryByRole": [Function],
  "queryByTestId": [Function],
  "queryByText": [Function],
  "queryByTitle": [Function],
  "rerender": [Function],
  "unmount": [Function],
}
`;
